1 00 /var/audiofile/overwrites/mp2/test4/Monday/0000.mp2
1 01 /var/audiofile/overwrites/mp2/test4/Monday/0100.mp2
1 02 /var/audiofile/overwrites/mp2/test4/Monday/0200.mp2
1 03 /var/audiofile/overwrites/mp2/test4/Monday/0300.mp2
1 04 /var/audiofile/overwrites/mp2/test4/Monday/0400.mp2
1 05 /var/audiofile/overwrites/mp2/test4/Monday/0500.mp2
1 06 /var/audiofile/overwrites/mp2/test4/Monday/0600.mp2
1 07 /var/audiofile/overwrites/mp2/test4/Monday/0700.mp2
1 08 /var/audiofile/overwrites/mp2/test4/Monday/0800.mp2
1 09 /var/audiofile/overwrites/mp2/test4/Monday/0900.mp2
1 10 /var/audiofile/overwrites/mp2/test4/Monday/1000.mp2
1 11 /var/audiofile/overwrites/mp2/test4/Monday/1100.mp2
1 12 /var/audiofile/overwrites/mp2/test4/Monday/1200.mp2
1 13 /var/audiofile/overwrites/mp2/test4/Monday/1300.mp2
1 14 /var/audiofile/overwrites/mp2/test4/Monday/1400.mp2
1 15 /var/audiofile/overwrites/mp2/test4/Monday/1500.mp2
1 16 /var/audiofile/overwrites/mp2/test4/Monday/1600.mp2
1 17 /var/audiofile/overwrites/mp2/test4/Monday/1700.mp2
1 18 /var/audiofile/overwrites/mp2/test4/Monday/1800.mp2
1 19 /var/audiofile/overwrites/mp2/test4/Monday/1900.mp2
1 20 /var/audiofile/overwrites/mp2/test4/Monday/2000.mp2
1 21 /var/audiofile/overwrites/mp2/test4/Monday/2100.mp2
1 22 /var/audiofile/overwrites/mp2/test4/Monday/2200.mp2
1 23 /var/audiofile/overwrites/mp2/test4/Monday/2300.mp2
2 00 /var/audiofile/overwrites/mp2/test4/Tuesday/0000.mp2
2 01 /var/audiofile/overwrites/mp2/test4/Tuesday/0100.mp2
2 02 /var/audiofile/overwrites/mp2/test4/Tuesday/0200.mp2
2 03 /var/audiofile/overwrites/mp2/test4/Tuesday/0300.mp2
2 04 /var/audiofile/overwrites/mp2/test4/Tuesday/0400.mp2
2 05 /var/audiofile/overwrites/mp2/test4/Tuesday/0500.mp2
2 06 /var/audiofile/overwrites/mp2/test4/Tuesday/0600.mp2
2 07 /var/audiofile/overwrites/mp2/test4/Tuesday/0700.mp2
2 08 /var/audiofile/overwrites/mp2/test4/Tuesday/0800.mp2
2 09 /var/audiofile/overwrites/mp2/test4/Tuesday/0900.mp2
2 10 /var/audiofile/overwrites/mp2/test4/Tuesday/1000.mp2
2 11 /var/audiofile/overwrites/mp2/test4/Tuesday/1100.mp2
2 12 /var/audiofile/overwrites/mp2/test4/Tuesday/1200.mp2
2 13 /var/audiofile/overwrites/mp2/test4/Tuesday/1300.mp2
2 14 /var/audiofile/overwrites/mp2/test4/Tuesday/1400.mp2
2 15 /var/audiofile/overwrites/mp2/test4/Tuesday/1500.mp2
2 16 /var/audiofile/overwrites/mp2/test4/Tuesday/1600.mp2
2 17 /var/audiofile/overwrites/mp2/test4/Tuesday/1700.mp2
2 18 /var/audiofile/overwrites/mp2/test4/Tuesday/1800.mp2
2 19 /var/audiofile/overwrites/mp2/test4/Tuesday/1900.mp2
2 20 /var/audiofile/overwrites/mp2/test4/Tuesday/2000.mp2
2 21 /var/audiofile/overwrites/mp2/test4/Tuesday/2100.mp2
2 22 /var/audiofile/overwrites/mp2/test4/Tuesday/2200.mp2
2 23 /var/audiofile/overwrites/mp2/test4/Tuesday/2300.mp2
3 00 /var/audiofile/overwrites/mp2/test4/Wednesday/0000.mp2
3 01 /var/audiofile/overwrites/mp2/test4/Wednesday/0100.mp2
3 02 /var/audiofile/overwrites/mp2/test4/Wednesday/0200.mp2
3 03 /var/audiofile/overwrites/mp2/test4/Wednesday/0300.mp2
3 04 /var/audiofile/overwrites/mp2/test4/Wednesday/0400.mp2
3 05 /var/audiofile/overwrites/mp2/test4/Wednesday/0500.mp2
3 06 /var/audiofile/overwrites/mp2/test4/Wednesday/0600.mp2
3 07 /var/audiofile/overwrites/mp2/test4/Wednesday/0700.mp2
3 08 /var/audiofile/overwrites/mp2/test4/Wednesday/0800.mp2
3 09 /var/audiofile/overwrites/mp2/test4/Wednesday/0900.mp2
3 10 /var/audiofile/overwrites/mp2/test4/Wednesday/1000.mp2
3 11 /var/audiofile/overwrites/mp2/test4/Wednesday/1100.mp2
3 12 /var/audiofile/overwrites/mp2/test4/Wednesday/1200.mp2
3 13 /var/audiofile/overwrites/mp2/test4/Wednesday/1300.mp2
3 14 /var/audiofile/overwrites/mp2/test4/Wednesday/1400.mp2
3 15 /var/audiofile/overwrites/mp2/test4/Wednesday/1500.mp2
3 16 /var/audiofile/overwrites/mp2/test4/Wednesday/1600.mp2
3 17 /var/audiofile/overwrites/mp2/test4/Wednesday/1700.mp2
3 18 /var/audiofile/overwrites/mp2/test4/Wednesday/1800.mp2
3 19 /var/audiofile/overwrites/mp2/test4/Wednesday/1900.mp2
3 20 /var/audiofile/overwrites/mp2/test4/Wednesday/2000.mp2
3 21 /var/audiofile/overwrites/mp2/test4/Wednesday/2100.mp2
3 22 /var/audiofile/overwrites/mp2/test4/Wednesday/2200.mp2
3 23 /var/audiofile/overwrites/mp2/test4/Wednesday/2300.mp2
4 00 /var/audiofile/overwrites/mp2/test4/Thursday/0000.mp2
4 01 /var/audiofile/overwrites/mp2/test4/Thursday/0100.mp2
4 02 /var/audiofile/overwrites/mp2/test4/Thursday/0200.mp2
4 03 /var/audiofile/overwrites/mp2/test4/Thursday/0300.mp2
4 04 /var/audiofile/overwrites/mp2/test4/Thursday/0400.mp2
4 05 /var/audiofile/overwrites/mp2/test4/Thursday/0500.mp2
4 06 /var/audiofile/overwrites/mp2/test4/Thursday/0600.mp2
4 07 /var/audiofile/overwrites/mp2/test4/Thursday/0700.mp2
4 08 /var/audiofile/overwrites/mp2/test4/Thursday/0800.mp2
4 09 /var/audiofile/overwrites/mp2/test4/Thursday/0900.mp2
4 10 /var/audiofile/overwrites/mp2/test4/Thursday/1000.mp2
4 11 /var/audiofile/overwrites/mp2/test4/Thursday/1100.mp2
4 12 /var/audiofile/overwrites/mp2/test4/Thursday/1200.mp2
4 13 /var/audiofile/overwrites/mp2/test4/Thursday/1300.mp2
4 14 /var/audiofile/overwrites/mp2/test4/Thursday/1400.mp2
4 15 /var/audiofile/overwrites/mp2/test4/Thursday/1500.mp2
4 16 /var/audiofile/overwrites/mp2/test4/Thursday/1600.mp2
4 17 /var/audiofile/overwrites/mp2/test4/Thursday/1700.mp2
4 18 /var/audiofile/overwrites/mp2/test4/Thursday/1800.mp2
4 19 /var/audiofile/overwrites/mp2/test4/Thursday/1900.mp2
4 20 /var/audiofile/overwrites/mp2/test4/Thursday/2000.mp2
4 21 /var/audiofile/overwrites/mp2/test4/Thursday/2100.mp2
4 22 /var/audiofile/overwrites/mp2/test4/Thursday/2200.mp2
4 23 /var/audiofile/overwrites/mp2/test4/Thursday/2300.mp2
5 00 /var/audiofile/overwrites/mp2/test4/Friday/0000.mp2
5 01 /var/audiofile/overwrites/mp2/test4/Friday/0100.mp2
5 02 /var/audiofile/overwrites/mp2/test4/Friday/0200.mp2
5 03 /var/audiofile/overwrites/mp2/test4/Friday/0300.mp2
5 04 /var/audiofile/overwrites/mp2/test4/Friday/0400.mp2
5 05 /var/audiofile/overwrites/mp2/test4/Friday/0500.mp2
5 06 /var/audiofile/overwrites/mp2/test4/Friday/0600.mp2
5 07 /var/audiofile/overwrites/mp2/test4/Friday/0700.mp2
5 08 /var/audiofile/overwrites/mp2/test4/Friday/0800.mp2
5 09 /var/audiofile/overwrites/mp2/test4/Friday/0900.mp2
5 10 /var/audiofile/overwrites/mp2/test4/Friday/1000.mp2
5 11 /var/audiofile/overwrites/mp2/test4/Friday/1100.mp2
5 12 /var/audiofile/overwrites/mp2/test4/Friday/1200.mp2
5 13 /var/audiofile/overwrites/mp2/test4/Friday/1300.mp2
5 14 /var/audiofile/overwrites/mp2/test4/Friday/1400.mp2
5 15 /var/audiofile/overwrites/mp2/test4/Friday/1500.mp2
5 16 /var/audiofile/overwrites/mp2/test4/Friday/1600.mp2
5 17 /var/audiofile/overwrites/mp2/test4/Friday/1700.mp2
5 18 /var/audiofile/overwrites/mp2/test4/Friday/1800.mp2
5 19 /var/audiofile/overwrites/mp2/test4/Friday/1900.mp2
5 20 /var/audiofile/overwrites/mp2/test4/Friday/2000.mp2
5 21 /var/audiofile/overwrites/mp2/test4/Friday/2100.mp2
5 22 /var/audiofile/overwrites/mp2/test4/Friday/2200.mp2
5 23 /var/audiofile/overwrites/mp2/test4/Friday/2300.mp2
6 00 /var/audiofile/overwrites/mp2/test4/Saturday/0000.mp2
6 01 /var/audiofile/overwrites/mp2/test4/Saturday/0100.mp2
6 02 /var/audiofile/overwrites/mp2/test4/Saturday/0200.mp2
6 03 /var/audiofile/overwrites/mp2/test4/Saturday/0300.mp2
6 04 /var/audiofile/overwrites/mp2/test4/Saturday/0400.mp2
6 05 /var/audiofile/overwrites/mp2/test4/Saturday/0500.mp2
6 06 /var/audiofile/overwrites/mp2/test4/Saturday/0600.mp2
6 07 /var/audiofile/overwrites/mp2/test4/Saturday/0700.mp2
6 08 /var/audiofile/overwrites/mp2/test4/Saturday/0800.mp2
6 09 /var/audiofile/overwrites/mp2/test4/Saturday/0900.mp2
6 10 /var/audiofile/overwrites/mp2/test4/Saturday/1000.mp2
6 11 /var/audiofile/overwrites/mp2/test4/Saturday/1100.mp2
6 12 /var/audiofile/overwrites/mp2/test4/Saturday/1200.mp2
6 13 /var/audiofile/overwrites/mp2/test4/Saturday/1300.mp2
6 14 /var/audiofile/overwrites/mp2/test4/Saturday/1400.mp2
6 15 /var/audiofile/overwrites/mp2/test4/Saturday/1500.mp2
6 16 /var/audiofile/overwrites/mp2/test4/Saturday/1600.mp2
6 17 /var/audiofile/overwrites/mp2/test4/Saturday/1700.mp2
6 18 /var/audiofile/overwrites/mp2/test4/Saturday/1800.mp2
6 19 /var/audiofile/overwrites/mp2/test4/Saturday/1900.mp2
6 20 /var/audiofile/overwrites/mp2/test4/Saturday/2000.mp2
6 21 /var/audiofile/overwrites/mp2/test4/Saturday/2100.mp2
6 22 /var/audiofile/overwrites/mp2/test4/Saturday/2200.mp2
6 23 /var/audiofile/overwrites/mp2/test4/Saturday/2300.mp2
0 00 /var/audiofile/overwrites/mp2/test4/Sunday/0000.mp2
0 01 /var/audiofile/overwrites/mp2/test4/Sunday/0100.mp2
0 02 /var/audiofile/overwrites/mp2/test4/Sunday/0200.mp2
0 03 /var/audiofile/overwrites/mp2/test4/Sunday/0300.mp2
0 04 /var/audiofile/overwrites/mp2/test4/Sunday/0400.mp2
0 05 /var/audiofile/overwrites/mp2/test4/Sunday/0500.mp2
0 06 /var/audiofile/overwrites/mp2/test4/Sunday/0600.mp2
0 07 /var/audiofile/overwrites/mp2/test4/Sunday/0700.mp2
0 08 /var/audiofile/overwrites/mp2/test4/Sunday/0800.mp2
0 09 /var/audiofile/overwrites/mp2/test4/Sunday/0900.mp2
0 10 /var/audiofile/overwrites/mp2/test4/Sunday/1000.mp2
0 11 /var/audiofile/overwrites/mp2/test4/Sunday/1100.mp2
0 12 /var/audiofile/overwrites/mp2/test4/Sunday/1200.mp2
0 13 /var/audiofile/overwrites/mp2/test4/Sunday/1300.mp2
0 14 /var/audiofile/overwrites/mp2/test4/Sunday/1400.mp2
0 15 /var/audiofile/overwrites/mp2/test4/Sunday/1500.mp2
0 16 /var/audiofile/overwrites/mp2/test4/Sunday/1600.mp2
0 17 /var/audiofile/overwrites/mp2/test4/Sunday/1700.mp2
0 18 /var/audiofile/overwrites/mp2/test4/Sunday/1800.mp2
0 19 /var/audiofile/overwrites/mp2/test4/Sunday/1900.mp2
0 20 /var/audiofile/overwrites/mp2/test4/Sunday/2000.mp2
0 21 /var/audiofile/overwrites/mp2/test4/Sunday/2100.mp2
0 22 /var/audiofile/overwrites/mp2/test4/Sunday/2200.mp2
0 23 /var/audiofile/overwrites/mp2/test4/Sunday/2300.mp2
